# 2019-05-14

## 디스크 마운트

```bash
# 마운트할 장치 확인
fdisk -l

Disk /dev/nvme0n1: 477 GiB, 512110190592 bytes, 1000215216 sectors
Units: sectors of 1 * 512 = 512 bytes
Sector size (logical/physical): 512 bytes / 512 bytes
I/O size (minimum/optimal): 512 bytes / 512 bytes
Disklabel type: gpt
Disk identifier: 5C6374F7-8C5E-4D58-82E7-**********

Device             Start        End   Sectors   Size Type
/dev/nvme0n1p1      2048  781250559 781248512 372.5G Linux filesystem
/dev/nvme0n1p2 781250560  782227455    976896   477M Linux filesystem
/dev/nvme0n1p3 782227456  860352511  78125056  37.3G Linux filesystem
/dev/nvme0n1p4 860352512 1000214527 139862016  66.7G Linux filesystem


Disk /dev/sda: 931.5 GiB, 1000204886016 bytes, 1953525168 sectors
Units: sectors of 1 * 512 = 512 bytes
Sector size (logical/physical): 512 bytes / 4096 bytes
I/O size (minimum/optimal): 4096 bytes / 4096 bytes
Disklabel type: gpt
Disk identifier: A52D35BC-BAB7-4CC7-A6AC-54E536CDC50F

Device     Start        End    Sectors   Size Type
/dev/sda1   2048 1953523711 1953521664 931.5G Linux filesystem
```

```bash
mount -t <fs type> <device> <mount directory>
```